kotlin version: 2.0.20
error message: org.jetbrains.kotlin.backend.common.BackendException: Backend Internal error: Exception during IR lowering
File being compiled: C:/Users/Impuls/AndroidStudioProjects/ImpulsMeteo/resources/src/main/java/com/edurda77/resources/uikit/UiBaseScaffold.kt
The root cause java.lang.RuntimeException was thrown at: org.jetbrains.kotlin.backend.jvm.codegen.FunctionCodegen.generate(FunctionCodegen.kt:47)
	at org.jetbrains.kotlin.backend.common.CodegenUtil.reportBackendException(CodegenUtil.kt:253)
	at org.jetbrains.kotlin.backend.common.CodegenUtil.reportBackendException$default(CodegenUtil.kt:236)
	at org.jetbrains.kotlin.backend.common.phaser.PerformByIrFilePhase.invokeSequential(performByIrFile.kt:65)
	at org.jetbrains.kotlin.backend.common.phaser.PerformByIrFilePhase.invoke(performByIrFile.kt:52)
	at org.jetbrains.kotlin.backend.common.phaser.PerformByIrFilePhase.invoke(performByIrFile.kt:38)
	at org.jetbrains.kotlin.backend.common.phaser.NamedCompilerPhase.phaseBody(CompilerPhase.kt:166)
	at org.jetbrains.kotlin.backend.common.phaser.AbstractNamedCompilerPhase.invoke(CompilerPhase.kt:113)
	at org.jetbrains.kotlin.backend.common.phaser.CompositePhase.invoke(PhaseBuilders.kt:27)
	at org.jetbrains.kotlin.backend.common.phaser.CompositePhase.invoke(PhaseBuilders.kt:14)
	at org.jetbrains.kotlin.backend.common.phaser.NamedCompilerPhase.phaseBody(CompilerPhase.kt:166)
	at org.jetbrains.kotlin.backend.common.phaser.AbstractNamedCompilerPhase.invoke(CompilerPhase.kt:113)
	at org.jetbrains.kotlin.backend.common.phaser.CompilerPhaseKt.invokeToplevel(CompilerPhase.kt:62)
	at org.jetbrains.kotlin.backend.jvm.JvmIrCodegenFactory.invokeCodegen(JvmIrCodegenFactory.kt:371)
	at org.jetbrains.kotlin.codegen.CodegenFactory.generateModule(CodegenFactory.kt:47)
	at org.jetbrains.kotlin.backend.jvm.JvmIrCodegenFactory.generateModuleInFrontendIRMode(JvmIrCodegenFactory.kt:433)
	at org.jetbrains.kotlin.cli.jvm.compiler.pipeline.JvmCompilerPipelineKt.generateCodeFromIr(jvmCompilerPipeline.kt:246)
	at org.jetbrains.kotlin.cli.jvm.compiler.pipeline.JvmCompilerPipelineKt.compileModulesUsingFrontendIrAndLightTree(jvmCompilerPipeline.kt:142)
	at org.jetbrains.kotlin.cli.jvm.K2JVMCompiler.doExecute(K2JVMCompiler.kt:148)
	at org.jetbrains.kotlin.cli.jvm.K2JVMCompiler.doExecute(K2JVMCompiler.kt:43)
	at org.jetbrains.kotlin.cli.common.CLICompiler.execImpl(CLICompiler.kt:103)
	at org.jetbrains.kotlin.cli.common.CLICompiler.execImpl(CLICompiler.kt:49)
	at org.jetbrains.kotlin.cli.common.CLITool.exec(CLITool.kt:101)
	at org.jetbrains.kotlin.incremental.IncrementalJvmCompilerRunner.runCompiler(IncrementalJvmCompilerRunner.kt:464)
	at org.jetbrains.kotlin.incremental.IncrementalJvmCompilerRunner.runCompiler(IncrementalJvmCompilerRunner.kt:73)
	at org.jetbrains.kotlin.incremental.IncrementalCompilerRunner.doCompile(IncrementalCompilerRunner.kt:506)
	at org.jetbrains.kotlin.incremental.IncrementalCompilerRunner.compileImpl(IncrementalCompilerRunner.kt:423)
	at org.jetbrains.kotlin.incremental.IncrementalCompilerRunner.compileNonIncrementally(IncrementalCompilerRunner.kt:301)
	at org.jetbrains.kotlin.incremental.IncrementalCompilerRunner.compile(IncrementalCompilerRunner.kt:129)
	at org.jetbrains.kotlin.daemon.CompileServiceImplBase.execIncrementalCompiler(CompileServiceImpl.kt:675)
	at org.jetbrains.kotlin.daemon.CompileServiceImplBase.access$execIncrementalCompiler(CompileServiceImpl.kt:92)
	at org.jetbrains.kotlin.daemon.CompileServiceImpl.compile(CompileServiceImpl.kt:1660)
	at java.base/jdk.internal.reflect.DirectMethodHandleAccessor.invoke(Unknown Source)
	at java.base/java.lang.reflect.Method.invoke(Unknown Source)
	at java.rmi/sun.rmi.server.UnicastServerRef.dispatch(Unknown Source)
	at java.rmi/sun.rmi.transport.Transport$1.run(Unknown Source)
	at java.rmi/sun.rmi.transport.Transport$1.run(Unknown Source)
	at java.base/java.security.AccessController.doPrivileged(Unknown Source)
	at java.rmi/sun.rmi.transport.Transport.serviceCall(Unknown Source)
	at java.rmi/sun.rmi.transport.tcp.TCPTransport.handleMessages(Unknown Source)
	at java.rmi/sun.rmi.transport.tcp.TCPTransport$ConnectionHandler.run0(Unknown Source)
	at java.rmi/sun.rmi.transport.tcp.TCPTransport$ConnectionHandler.lambda$run$0(Unknown Source)
	at java.base/java.security.AccessController.doPrivileged(Unknown Source)
	at java.rmi/sun.rmi.transport.tcp.TCPTransport$ConnectionHandler.run(Unknown Source)
	at java.base/java.util.concurrent.ThreadPoolExecutor.runWorker(Unknown Source)
	at java.base/java.util.concurrent.ThreadPoolExecutor$Worker.run(Unknown Source)
	at java.base/java.lang.Thread.run(Unknown Source)
Caused by: java.lang.RuntimeException: Exception while generating code for:
FUN name:UiBaseScaffold visibility:public modality:FINAL <> (modifier:androidx.compose.ui.Modifier, message:com.edurda77.resources.uikit.UiText?, topBarContent:@[Composable] kotlin.Function0<kotlin.Unit>, bottomBarContent:@[Composable] kotlin.Function0<kotlin.Unit>, content:@[Composable] kotlin.Function1<androidx.compose.foundation.layout.PaddingValues, kotlin.Unit>) returnType:kotlin.Unit
  annotations:
    Composable
  VALUE_PARAMETER name:modifier index:0 type:androidx.compose.ui.Modifier
    EXPRESSION_BODY
      ERROR_EXPR 'Default Stub' type=androidx.compose.ui.Modifier
  VALUE_PARAMETER name:message index:1 type:com.edurda77.resources.uikit.UiText?
  VALUE_PARAMETER name:topBarContent index:2 type:@[Composable] kotlin.Function0<kotlin.Unit>
    EXPRESSION_BODY
      ERROR_EXPR 'Default Stub' type=@[Composable] kotlin.Function0<kotlin.Unit>
  VALUE_PARAMETER name:bottomBarContent index:3 type:@[Composable] kotlin.Function0<kotlin.Unit>
    EXPRESSION_BODY
      ERROR_EXPR 'Default Stub' type=@[Composable] kotlin.Function0<kotlin.Unit>
  VALUE_PARAMETER name:content index:4 type:@[Composable] kotlin.Function1<androidx.compose.foundation.layout.PaddingValues, kotlin.Unit>
  BLOCK_BODY
    VAR name:snakeBarHostState type:androidx.compose.material3.SnackbarHostState [val]
      CALL 'public final fun remember <T> (calculation: @[DisallowComposableCalls] kotlin.Function0<T of androidx.compose.runtime.ComposablesKt.remember>): T of androidx.compose.runtime.ComposablesKt.remember [inline] declared in androidx.compose.runtime.ComposablesKt' type=androidx.compose.material3.SnackbarHostState origin=null
        <T>: androidx.compose.material3.SnackbarHostState
        calculation: BLOCK type=kotlin.Function0<androidx.compose.material3.SnackbarHostState> origin=LAMBDA
          COMPOSITE type=kotlin.Unit origin=null
          FUNCTION_REFERENCE 'private final fun UiBaseScaffold$lambda$2 (): androidx.compose.material3.SnackbarHostState declared in com.edurda77.resources.uikit.UiBaseScaffoldKt' type=kotlin.Function0<androidx.compose.material3.SnackbarHostState> origin=INLINE_LAMBDA reflectionTarget=null
    VAR name:context type:android.content.Context [val]
      CALL 'public final fun <get-current> (): T of androidx.compose.runtime.CompositionLocal [inline] declared in androidx.compose.runtime.CompositionLocal' type=android.content.Context origin=GET_PROPERTY
        $this: TYPE_OP type=androidx.compose.runtime.CompositionLocal<T of androidx.compose.runtime.CompositionLocal> origin=IMPLICIT_CAST typeOperand=androidx.compose.runtime.CompositionLocal<T of androidx.compose.runtime.CompositionLocal>
          CALL 'public final fun <get-LocalContext> (): androidx.compose.runtime.ProvidableCompositionLocal<android.content.Context> declared in androidx.compose.ui.platform.AndroidCompositionLocals_androidKt' type=androidx.compose.runtime.ProvidableCompositionLocal<android.content.Context> origin=GET_PROPERTY
    CALL 'public final fun LaunchedEffect (key1: kotlin.Any?, block: @[ExtensionFunctionType] kotlin.coroutines.SuspendFunction1<kotlinx.coroutines.CoroutineScope, kotlin.Unit>): kotlin.Unit declared in androidx.compose.runtime.EffectsKt' type=kotlin.Unit origin=null
      key1: GET_VAR 'message: com.edurda77.resources.uikit.UiText? declared in com.edurda77.resources.uikit.UiBaseScaffoldKt.UiBaseScaffold' type=com.edurda77.resources.uikit.UiText? origin=null
      block: BLOCK type=com.edurda77.resources.uikit.UiBaseScaffoldKt.UiBaseScaffold.<no name provided> origin=null
        CLASS SUSPEND_LAMBDA CLASS name:<no name provided> modality:FINAL visibility:public/*package*/ superTypes:[kotlin.coroutines.jvm.internal.SuspendLambda; kotlin.jvm.functions.Function2<kotlinx.coroutines.CoroutineScope, kotlin.coroutines.Continuation<kotlin.Unit>?, kotlin.Any?>]
          $this: VALUE_PARAMETER INSTANCE_RECEIVER name:<this> type:com.edurda77.resources.uikit.UiBaseScaffoldKt.UiBaseScaffold.<no name provided>
          FIELD name:label type:kotlin.Int visibility:public/*package*/
          CONSTRUCTOR SUSPEND_LAMBDA visibility:public/*package*/ <> ($message:com.edurda77.resources.uikit.UiText?, $snakeBarHostState:androidx.compose.material3.SnackbarHostState, $context:android.content.Context, $completion:kotlin.coroutines.Continuation<com.edurda77.resources.uikit.UiBaseScaffoldKt.UiBaseScaffold.<no name provided>>?) returnType:com.edurda77.resources.uikit.UiBaseScaffoldKt.UiBaseScaffold.<no name provided> [primary]
            VALUE_PARAMETER BOUND_VALUE_PARAMETER name:$message index:0 type:com.edurda77.resources.uikit.UiText?
            VALUE_PARAMETER BOUND_VALUE_PARAMETER name:$snakeBarHostState index:1 type:androidx.compose.material3.SnackbarHostState
            VALUE_PARAMETER BOUND_VALUE_PARAMETER name:$context index:2 type:android.content.Context
            VALUE_PARAMETER name:$completion index:3 type:kotlin.coroutines.Continuation<com.edurda77.resources.uikit.UiBaseScaffoldKt.UiBaseScaffold.<no name provided>>?
            BLOCK_BODY
              SET_FIELD 'FIELD FIELD_FOR_CAPTURED_VALUE name:$message type:com.edurda77.resources.uikit.UiText? visibility:public/*package*/ [final] declared in com.edurda77.resources.uikit.UiBaseScaffoldKt.UiBaseScaffold.<no name provided>' type=kotlin.Unit origin=INITIALIZER_OF_FIELD_FOR_CAPTURED_VALUE
                receiver: GET_VAR '<this>: com.edurda77.resources.uikit.UiBaseScaffoldKt.UiBaseScaffold.<no name provided> declared in com.edurda77.resources.uikit.UiBaseScaffoldKt.UiBaseScaffold.<no name provided>' type=com.edurda77.resources.uikit.UiBaseScaffoldKt.UiBaseScaffold.<no name provided> origin=null
                value: GET_VAR '$message: com.edurda77.resources.uikit.UiText? declared in com.edurda77.resources.uikit.UiBaseScaffoldKt.UiBaseScaffold.<no name provided>.<init>' type=com.edurda77.resources.uikit.UiText? origin=null
              SET_FIELD 'FIELD FIELD_FOR_CAPTURED_VALUE name:$snakeBarHostState type:androidx.compose.material3.SnackbarHostState visibility:public/*package*/ [final] declared in com.edurda77.resources.uikit.UiBaseScaffoldKt.UiBaseScaffold.<no name provided>' type=kotlin.Unit origin=INITIALIZER_OF_FIELD_FOR_CAPTURED_VALUE
                receiver: GET_VAR '<this>: com.edurda77.resources.uikit.UiBaseScaffoldKt.UiBaseScaffold.<no name provided> declared in com.edurda77.resources.uikit.UiBaseScaffoldKt.UiBaseScaffold.<no name provided>' type=com.edurda77.resources.uikit.UiBaseScaffoldKt.UiBaseScaffold.<no name provided> origin=null
                value: GET_VAR '$snakeBarHostState: androidx.compose.material3.SnackbarHostState declared in com.edurda77.resources.uikit.UiBaseScaffoldKt.UiBaseScaffold.<no name provided>.<init>' type=androidx.compose.material3.SnackbarHostState origin=null
              SET_FIELD 'FIELD FIELD_FOR_CAPTURED_VALUE name:$context type:android.content.Context visibility:public/*package*/ [final] declared in com.edurda77.resources.uikit.UiBaseScaffoldKt.UiBaseScaffold.<no name provided>' type=kotlin.Unit origin=INITIALIZER_OF_FIELD_FOR_CAPTURED_VALUE
                receiver: GET_VAR '<this>: com.edurda77.resources.uikit.UiBaseScaffoldKt.UiBaseScaffold.<no name provided> declared in com.edurda77.resources.uikit.UiBaseScaffoldKt.UiBaseScaffold.<no name provided>' type=com.edurda77.resources.uikit.UiBaseScaffoldKt.UiBaseScaffold.<no name provided> origin=null
                value: GET_VAR '$context: android.content.Context declared in com.edurda77.resources.uikit.UiBaseScaffoldKt.UiBaseScaffold.<no name provided>.<init>' type=android.content.Context origin=null
              DELEGATING_CONSTRUCTOR_CALL 'public constructor <init> (arity: kotlin.Int, $completion: kotlin.coroutines.Continuation<kotlin.Any?>?) declared in kotlin.coroutines.jvm.internal.SuspendLambda'
                arity: CONST Int type=kotlin.Int value=2
                $completion: GET_VAR '$completion: kotlin.coroutines.Continuation<com.edurda77.resources.uikit.UiBaseScaffoldKt.UiBaseScaffold.<no name provided>>? declared in com.edurda77.resources.uikit.UiBaseScaffoldKt.UiBaseScaffold.<no name provided>.<init>' type=kotlin.coroutines.Continuation<com.edurda77.resources.uikit.UiBaseScaffoldKt.UiBaseScaffold.<no name provided>>? origin=null
              BLOCK type=kotlin.Unit origin=null
          FUN name:invokeSuspend visibility:public modality:FINAL <> ($this:com.edurda77.resources.uikit.UiBaseScaffoldKt.UiBaseScaffold.<no name provided>, $result:kotlin.Result<kotlin.Any?>) returnType:kotlin.Any?
            overridden:
              protected abstract fun invokeSuspend ($result: kotlin.Result<kotlin.Any?>): kotlin.Any? declared in kotlin.coroutines.jvm.internal.SuspendLambda
            $this: VALUE_PARAMETER INSTANCE_RECEIVER name:<this> type:com.edurda77.resources.uikit.UiBaseScaffoldKt.UiBaseScaffold.<no name provided>
            VALUE_PARAMETER name:$result index:0 type:kotlin.Result<kotlin.Any?>
            BLOCK_BODY
              WHEN type=kotlin.Unit origin=IF
                BRANCH
                  if: CALL 'public final fun not (): kotlin.Boolean [operator] declared in kotlin.Boolean' type=kotlin.Boolean origin=EXCLEQ
                    $this: CALL 'public final fun EQEQ (arg0: kotlin.Any?, arg1: kotlin.Any?): kotlin.Boolean declared in kotlin.internal.ir' type=kotlin.Boolean origin=EXCLEQ
                      arg0: GET_FIELD 'FIELD FIELD_FOR_CAPTURED_VALUE name:$message type:com.edurda77.resources.uikit.UiText? visibility:public/*package*/ [final] declared in com.edurda77.resources.uikit.UiBaseScaffoldKt.UiBaseScaffold.<no name provided>' type=com.edurda77.resources.uikit.UiText? origin=null
                        receiver: GET_VAR '<this>: com.edurda77.resources.uikit.UiBaseScaffoldKt.UiBaseScaffold.<no name provided> declared in com.edurda77.resources.uikit.UiBaseScaffoldKt.UiBaseScaffold.<no name provided>.invokeSuspend' type=com.edurda77.resources.uikit.UiBaseScaffoldKt.UiBaseScaffold.<no name provided> origin=null
                      arg1: CONST Null type=kotlin.Nothing? value=null
                  then: COMPOSITE type=kotlin.Unit origin=null
                    BLOCK type=androidx.compose.material3.SnackbarResult origin=null
                      CALL 'public final fun showSnackbar$default ($this: androidx.compose.material3.SnackbarHostState, message: kotlin.String, actionLabel: kotlin.String?, withDismissAction: kotlin.Boolean, duration: androidx.compose.material3.SnackbarDuration?, $completion: kotlin.coroutines.Continuation<androidx.compose.material3.SnackbarResult>, $mask0: kotlin.Int, $handler: kotlin.Any?): kotlin.Any? [suspend] declared in androidx.compose.material3.SnackbarHostState' type=androidx.compose.material3.SnackbarResult origin=DEFAULT_DISPATCH_CALL
                        $this: GET_FIELD 'FIELD FIELD_FOR_CAPTURED_VALUE name:$snakeBarHostState type:androidx.compose.material3.SnackbarHostState visibility:public/*package*/ [final] declared in com.edurda77.resources.uikit.UiBaseScaffoldKt.UiBaseScaffold.<no name provided>' type=androidx.compose.material3.SnackbarHostState origin=null
                          receiver: GET_VAR '<this>: com.edurda77.resources.uikit.UiBaseScaffoldKt.UiBaseScaffold.<no name provided> declared in com.edurda77.resources.uikit.UiBaseScaffoldKt.UiBaseScaffold.<no name provided>.invokeSuspend' type=com.edurda77.resources.uikit.UiBaseScaffoldKt.UiBaseScaffold.<no name provided> origin=null
                        message: CALL 'public final fun asString (context: android.content.Context): kotlin.String declared in com.edurda77.resources.uikit.UiText' type=kotlin.String origin=null
                          $this: GET_FIELD 'FIELD FIELD_FOR_CAPTURED_VALUE name:$message type:com.edurda77.resources.uikit.UiText? visibility:public/*package*/ [final] declared in com.edurda77.resources.uikit.UiBaseScaffoldKt.UiBaseScaffold.<no name provided>' type=com.edurda77.resources.uikit.UiText? origin=null
                            receiver: GET_VAR '<this>: com.edurda77.resources.uikit.UiBaseScaffoldKt.UiBaseScaffold.<no name provided> declared in com.edurda77.resources.uikit.UiBaseScaffoldKt.UiBaseScaffold.<no name provided>.invokeSuspend' type=com.edurda77.resources.uikit.UiBaseScaffoldKt.UiBaseScaffold.<no name provided> origin=null
                          context: GET_FIELD 'FIELD FIELD_FOR_CAPTURED_VALUE name:$context type:android.content.Context visibility:public/*package*/ [final] declared in com.edurda77.resources.uikit.UiBaseScaffoldKt.UiBaseScaffold.<no name provided>' type=android.content.Context origin=null
                            receiver: GET_VAR '<this>: com.edurda77.resources.uikit.UiBaseScaffoldKt.UiBaseScaffold.<no name provided> declared in com.edurda77.resources.uikit.UiBaseScaffoldKt.UiBaseScaffold.<no name provided>.invokeSuspend' type=com.edurda77.resources.uikit.UiBaseScaffoldKt.UiBaseScaffold.<no name provided> origin=null
                        actionLabel: COMPOSITE type=kotlin.String? origin=DEFAULT_VALUE
                          CONST Null type=kotlin.String? value=null
                        withDismissAction: COMPOSITE type=kotlin.Boolean origin=DEFAULT_VALUE
                          CONST Boolean type=kotlin.Boolean value=false
                        duration: GET_FIELD 'FIELD FIELD_FOR_ENUM_ENTRY name:Short type:androidx.compose.material3.SnackbarDuration visibility:public [final,static] declared in androidx.compose.material3.SnackbarDuration' type=androidx.compose.material3.SnackbarDuration origin=null
                        $completion: GET_VAR '<this>: com.edurda77.resources.uikit.UiBaseScaffoldKt.UiBaseScaffold.<no name provided> declared in com.edurda77.resources.uikit.UiBaseScaffoldKt.UiBaseScaffold.<no name provided>.invokeSuspend' type=com.edurda77.resources.uikit.UiBaseScaffoldKt.UiBaseScaffold.<no name provided> origin=null
                        $mask0: CONST Int type=kotlin.Int value=6
                        $handler: CONST Null type=kotlin.Any? value=null
                    COMPOSITE type=kotlin.Unit origin=null
          FUN name:create visibility:public modality:FINAL <> ($this:com.edurda77.resources.uikit.UiBaseScaffoldKt.UiBaseScaffold.<no name provided>, value:kotlin.Any?, $completion:kotlin.coroutines.Continuation<kotlin.Nothing>) returnType:kotlin.coroutines.Continuation<kotlin.Unit>
            overridden:
              public open fun create (value: kotlin.Any?, $completion: kotlin.coroutines.Continuation<kotlin.Nothing>): kotlin.coroutines.Continuation<kotlin.Unit> declared in kotlin.coroutines.jvm.internal.SuspendLambda
            $this: VALUE_PARAMETER INSTANCE_RECEIVER name:<this> type:com.edurda77.resources.uikit.UiBaseScaffoldKt.UiBaseScaffold.<no name provided>
            VALUE_PARAMETER name:value index:0 type:kotlin.Any?
            VALUE_PARAMETER name:$completion index:1 type:kotlin.coroutines.Continuation<kotlin.Nothing>
            BLOCK_BODY
              RETURN type=kotlin.Nothing from='public final fun create (value: kotlin.Any?, $completion: kotlin.coroutines.Continuation<kotlin.Nothing>): kotlin.coroutines.Continuation<kotlin.Unit> declared in com.edurda77.resources.uikit.UiBaseScaffoldKt.UiBaseScaffold.<no name provided>'
                CONSTRUCTOR_CALL 'public/*package*/ constructor <init> ($message: com.edurda77.resources.uikit.UiText?, $snakeBarHostState: androidx.compose.material3.SnackbarHostState, $context: android.content.Context, $completion: kotlin.coroutines.Continuation<com.edurda77.resources.uikit.UiBaseScaffoldKt.UiBaseScaffold.<no name provided>>?) [primary] declared in com.edurda77.resources.uikit.UiBaseScaffoldKt.UiBaseScaffold.<no name provided>' type=com.edurda77.resources.uikit.UiBaseScaffoldKt.UiBaseScaffold.<no name provided> origin=null
                  $message: GET_FIELD 'FIELD FIELD_FOR_CAPTURED_VALUE name:$message type:com.edurda77.resources.uikit.UiText? visibility:public/*package*/ [final] declared in com.edurda77.resources.uikit.UiBaseScaffoldKt.UiBaseScaffold.<no name provided>' type=com.edurda77.resources.uikit.UiText? origin=null
                    receiver: GET_VAR '<this>: com.edurda77.resources.uikit.UiBaseScaffoldKt.UiBaseScaffold.<no name provided> declared in com.edurda77.resources.uikit.UiBaseScaffoldKt.UiBaseScaffold.<no name provided>.create' type=com.edurda77.resources.uikit.UiBaseScaffoldKt.UiBaseScaffold.<no name provided> origin=null
                  $snakeBarHostState: GET_FIELD 'FIELD FIELD_FOR_CAPTURED_VALUE name:$snakeBarHostState type:androidx.compose.material3.SnackbarHostState visibility:public/*package*/ [final] declared in com.edurda77.resources.uikit.UiBaseScaffoldKt.UiBaseScaffold.<no name provided>' type=androidx.compose.material3.SnackbarHostState origin=null
                    receiver: GET_VAR '<this>: com.edurda77.resources.uikit.UiBaseScaffoldKt.UiBaseScaffold.<no name provided> declared in com.edurda77.resources.uikit.UiBaseScaffoldKt.UiBaseScaffold.<no name provided>.create' type=com.edurda77.resources.uikit.UiBaseScaffoldKt.UiBaseScaffold.<no name provided> origin=null
                  $context: GET_FIELD 'FIELD FIELD_FOR_CAPTURED_VALUE name:$context type:android.content.Context visibility:public/*package*/ [final] declared in com.edurda77.resources.uikit.UiBaseScaffoldKt.UiBaseScaffold.<no name provided>' type=android.content.Context origin=null
                    receiver: GET_VAR '<this>: com.edurda77.resources.uikit.UiBaseScaffoldKt.UiBaseScaffold.<no name provided> declared in com.edurda77.resources.uikit.UiBaseScaffoldKt.UiBaseScaffold.<no name provided>.create' type=com.edurda77.resources.uikit.UiBaseScaffoldKt.UiBaseScaffold.<no name provided> origin=null
                  $completion: GET_VAR '$completion: kotlin.coroutines.Continuation<kotlin.Nothing> declared in com.edurda77.resources.uikit.UiBaseScaffoldKt.UiBaseScaffold.<no name provided>.create' type=kotlin.coroutines.Continuation<kotlin.Nothing> origin=null
          FUN name:invoke visibility:public modality:FINAL <> ($this:com.edurda77.resources.uikit.UiBaseScaffoldKt.UiBaseScaffold.<no name provided>, p1:kotlinx.coroutines.CoroutineScope, p2:kotlin.coroutines.Continuation<kotlin.Unit>?) returnType:kotlin.Any?
            overridden:
              public abstract fun invoke (p1: P1 of kotlin.jvm.functions.Function2, p2: P2 of kotlin.jvm.functions.Function2): R of kotlin.jvm.functions.Function2 declared in kotlin.jvm.functions.Function2
            $this: VALUE_PARAMETER INSTANCE_RECEIVER name:<this> type:com.edurda77.resources.uikit.UiBaseScaffoldKt.UiBaseScaffold.<no name provided>
            VALUE_PARAMETER name:p1 index:0 type:kotlinx.coroutines.CoroutineScope
            VALUE_PARAMETER name:p2 index:1 type:kotlin.coroutines.Continuation<kotlin.Unit>?
            BLOCK_BODY
              RETURN type=kotlin.Nothing from='public final fun invoke (p1: kotlinx.coroutines.CoroutineScope, p2: kotlin.coroutines.Continuation<kotlin.Unit>?): kotlin.Any? declared in com.edurda77.resources.uikit.UiBaseScaffoldKt.UiBaseScaffold.<no name provided>'
                CALL 'public final fun invokeSuspend ($result: kotlin.Result<kotlin.Any?>): kotlin.Any? declared in com.edurda77.resources.uikit.UiBaseScaffoldKt.UiBaseScaffold.<no name provided>' type=kotlin.Any? origin=null
                  $this: TYPE_OP type=com.edurda77.resources.uikit.UiBaseScaffoldKt.UiBaseScaffold.<no name provided> origin=IMPLICIT_CAST typeOperand=com.edurda77.resources.uikit.UiBaseScaffoldKt.UiBaseScaffold.<no name provided>
                    CALL 'public final fun create (value: kotlin.Any?, $completion: kotlin.coroutines.Continuation<kotlin.Nothing>): kotlin.coroutines.Continuation<kotlin.Unit> declared in com.edurda77.resources.uikit.UiBaseScaffoldKt.UiBaseScaffold.<no name provided>' type=kotlin.coroutines.Continuation<kotlin.Unit> origin=null
                      $this: GET_VAR '<this>: com.edurda77.resources.uikit.UiBaseScaffoldKt.UiBaseScaffold.<no name provided> declared in com.edurda77.resources.uikit.UiBaseScaffoldKt.UiBaseScaffold.<no name provided>.invoke' type=com.edurda77.resources.uikit.UiBaseScaffoldKt.UiBaseScaffold.<no name provided> origin=null
                      value: GET_VAR 'p1: kotlinx.coroutines.CoroutineScope declared in com.edurda77.resources.uikit.UiBaseScaffoldKt.UiBaseScaffold.<no name provided>.invoke' type=kotlinx.coroutines.CoroutineScope origin=null
                      $completion: GET_VAR 'p2: kotlin.coroutines.Continuation<kotlin.Unit>? declared in com.edurda77.resources.uikit.UiBaseScaffoldKt.UiBaseScaffold.<no name provided>.invoke' type=kotlin.coroutines.Continuation<kotlin.Unit>? origin=null
                  $result: CALL 'public final fun <unsafe-coerce> <T, R> (v: T of kotlin.jvm.internal.<unsafe-coerce>): R of kotlin.jvm.internal.<unsafe-coerce> declared in kotlin.jvm.internal' type=kotlin.Result<kotlin.Any?> origin=null
                    <T>: kotlin.Any?
                    <R>: kotlin.Result<kotlin.Any?>
                    v: GET_FIELD 'FIELD FIELD_FOR_OBJECT_INSTANCE name:INSTANCE type:kotlin.Unit visibility:public [final,static] declared in kotlin.Unit' type=kotlin.Unit origin=null
          FIELD FIELD_FOR_CAPTURED_VALUE name:$message type:com.edurda77.resources.uikit.UiText? visibility:public/*package*/ [final]
          FIELD FIELD_FOR_CAPTURED_VALUE name:$snakeBarHostState type:androidx.compose.material3.SnackbarHostState visibility:public/*package*/ [final]
          FIELD FIELD_FOR_CAPTURED_VALUE name:$context type:android.content.Context visibility:public/*package*/ [final]
          FUN BRIDGE name:invoke visibility:public modality:OPEN <> ($this:com.edurda77.resources.uikit.UiBaseScaffoldKt.UiBaseScaffold.<no name provided>, p1:kotlin.Any?, p2:kotlin.Any?) returnType:kotlin.Any?
            $this: VALUE_PARAMETER INSTANCE_RECEIVER name:<this> type:com.edurda77.resources.uikit.UiBaseScaffoldKt.UiBaseScaffold.<no name provided>
            VALUE_PARAMETER BRIDGE name:p1 index:0 type:kotlin.Any?
            VALUE_PARAMETER BRIDGE name:p2 index:1 type:kotlin.Any?
            EXPRESSION_BODY
              RETURN type=kotlin.Nothing from='public open fun invoke (p1: kotlin.Any?, p2: kotlin.Any?): kotlin.Any? declared in com.edurda77.resources.uikit.UiBaseScaffoldKt.UiBaseScaffold.<no name provided>'
                CALL 'public final fun invoke (p1: kotlinx.coroutines.CoroutineScope, p2: kotlin.coroutines.Continuation<kotlin.Unit>?): kotlin.Any? declared in com.edurda77.resources.uikit.UiBaseScaffoldKt.UiBaseScaffold.<no name provided>' type=kotlin.Any? origin=BRIDGE_DELEGATION
                  $this: GET_VAR '<this>: com.edurda77.resources.uikit.UiBaseScaffoldKt.UiBaseScaffold.<no name provided> declared in com.edurda77.resources.uikit.UiBaseScaffoldKt.UiBaseScaffold.<no name provided>.invoke' type=com.edurda77.resources.uikit.UiBaseScaffoldKt.UiBaseScaffold.<no name provided> origin=null
                  p1: TYPE_OP type=kotlinx.coroutines.CoroutineScope origin=IMPLICIT_CAST typeOperand=kotlinx.coroutines.CoroutineScope
                    GET_VAR 'p1: kotlin.Any? declared in com.edurda77.resources.uikit.UiBaseScaffoldKt.UiBaseScaffold.<no name provided>.invoke' type=kotlin.Any? origin=null
                  p2: TYPE_OP type=kotlin.coroutines.Continuation<*> origin=IMPLICIT_CAST typeOperand=kotlin.coroutines.Continuation<*>
                    GET_VAR 'p2: kotlin.Any? declared in com.edurda77.resources.uikit.UiBaseScaffoldKt.UiBaseScaffold.<no name provided>.invoke' type=kotlin.Any? origin=null
        CONSTRUCTOR_CALL 'public/*package*/ constructor <init> ($message: com.edurda77.resources.uikit.UiText?, $snakeBarHostState: androidx.compose.material3.SnackbarHostState, $context: android.content.Context, $completion: kotlin.coroutines.Continuation<com.edurda77.resources.uikit.UiBaseScaffoldKt.UiBaseScaffold.<no name provided>>?) [primary] declared in com.edurda77.resources.uikit.UiBaseScaffoldKt.UiBaseScaffold.<no name provided>' type=com.edurda77.resources.uikit.UiBaseScaffoldKt.UiBaseScaffold.<no name provided> origin=null
          $message: GET_VAR 'message: com.edurda77.resources.uikit.UiText? declared in com.edurda77.resources.uikit.UiBaseScaffoldKt.UiBaseScaffold' type=com.edurda77.resources.uikit.UiText? origin=null
          $snakeBarHostState: GET_VAR 'val snakeBarHostState: androidx.compose.material3.SnackbarHostState [val] declared in com.edurda77.resources.uikit.UiBaseScaffoldKt.UiBaseScaffold' type=androidx.compose.material3.SnackbarHostState origin=null
          $context: GET_VAR 'val context: android.content.Context [val] declared in com.edurda77.resources.uikit.UiBaseScaffoldKt.UiBaseScaffold' type=android.content.Context origin=null
          $completion: CONST Null type=kotlin.Nothing? value=null
    BLOCK type=kotlin.Unit origin=ARGUMENTS_REORDERING_FOR_CALL
      VAR IR_TEMPORARY_VARIABLE name:tmp0_modifier type:androidx.compose.ui.Modifier [val]
        CALL 'public final fun fillMaxSize$default (fraction: kotlin.Float, $mask0: kotlin.Int, $handler: kotlin.Any?): androidx.compose.ui.Modifier declared in androidx.compose.foundation.layout.SizeKt' type=androidx.compose.ui.Modifier origin=DEFAULT_DISPATCH_CALL
          $receiver: GET_VAR 'modifier: androidx.compose.ui.Modifier declared in com.edurda77.resources.uikit.UiBaseScaffoldKt.UiBaseScaffold' type=androidx.compose.ui.Modifier origin=null
          fraction: COMPOSITE type=kotlin.Float origin=DEFAULT_VALUE
            CONST Float type=kotlin.Float value=0.0
          $mask0: CONST Int type=kotlin.Int value=1
          $handler: CONST Null type=kotlin.Any? value=null
      VAR IR_TEMPORARY_VARIABLE name:tmp1_containerColor type:androidx.compose.ui.graphics.Color [val]
        CALL 'public final fun getSurface-0d7_KjU (): androidx.compose.ui.graphics.Color declared in androidx.compose.material3.ColorScheme' type=androidx.compose.ui.graphics.Color origin=GET_PROPERTY
          $this: CALL 'public final fun <get-colorScheme> (): androidx.compose.material3.ColorScheme declared in androidx.compose.material3.MaterialTheme' type=androidx.compose.material3.ColorScheme origin=GET_PROPERTY
            $this: GET_FIELD 'FIELD FIELD_FOR_OBJECT_INSTANCE name:INSTANCE type:androidx.compose.material3.MaterialTheme visibility:public [final,static] declared in androidx.compose.material3.MaterialTheme' type=androidx.compose.material3.MaterialTheme origin=null
      CALL 'public final fun Scaffold-QMVK-b8$default (modifier: androidx.compose.ui.Modifier?, topBar: @[Composable] kotlin.Function0<kotlin.Unit>?, bottomBar: @[Composable] kotlin.Function0<kotlin.Unit>?, snackbarHost: @[Composable] kotlin.Function0<kotlin.Unit>?, floatingActionButton: @[Composable] kotlin.Function0<kotlin.Unit>?, floatingActionButtonPosition: androidx.compose.material3.FabPosition, containerColor: androidx.compose.ui.graphics.Color, contentColor: androidx.compose.ui.graphics.Color, contentWindowInsets: androidx.compose.foundation.layout.WindowInsets?, content: @[Composable] kotlin.Function1<androidx.compose.foundation.layout.PaddingValues, kotlin.Unit>, $mask0: kotlin.Int, $handler: kotlin.Any?): kotlin.Unit declared in androidx.compose.material3.ScaffoldKt' type=kotlin.Unit origin=DEFAULT_DISPATCH_CALL
        modifier: GET_VAR 'val tmp0_modifier: androidx.compose.ui.Modifier [val] declared in com.edurda77.resources.uikit.UiBaseScaffoldKt.UiBaseScaffold' type=androidx.compose.ui.Modifier origin=null
        topBar: GET_VAR 'topBarContent: @[Composable] kotlin.Function0<kotlin.Unit> declared in com.edurda77.resources.uikit.UiBaseScaffoldKt.UiBaseScaffold' type=@[Composable] kotlin.Function0<kotlin.Unit> origin=null
        bottomBar: GET_VAR 'bottomBarContent: @[Composable] kotlin.Function0<kotlin.Unit> declared in com.edurda77.resources.uikit.UiBaseScaffoldKt.UiBaseScaffold' type=@[Composable] kotlin.Function0<kotlin.Unit> origin=null
        snackbarHost: BLOCK type=kotlin.Function0<kotlin.Unit> origin=LAMBDA
          COMPOSITE type=kotlin.Unit origin=null
          CALL 'public final fun <jvm-indy> <T> (dynamicCall: T of kotlin.jvm.internal.<jvm-indy>, bootstrapMethodHandle: kotlin.Any, vararg bootstrapMethodArguments: kotlin.Any): T of kotlin.jvm.internal.<jvm-indy> declared in kotlin.jvm.internal' type=kotlin.Function0<kotlin.Unit> origin=null
            <T>: kotlin.Function0<kotlin.Unit>
            dynamicCall: CALL 'public final fun invoke (p0: androidx.compose.material3.SnackbarHostState): kotlin.Function0<kotlin.Unit> declared in kotlin.jvm.internal.invokeDynamic' type=kotlin.Function0<kotlin.Unit> origin=null
              p0: GET_VAR 'val snakeBarHostState: androidx.compose.material3.SnackbarHostState [val] declared in com.edurda77.resources.uikit.UiBaseScaffoldKt.UiBaseScaffold' type=androidx.compose.material3.SnackbarHostState origin=null
            bootstrapMethodHandle: CALL 'public final fun <jvm-method-handle> (tag: kotlin.Int, owner: kotlin.String, name: kotlin.String, descriptor: kotlin.String, isInterface: kotlin.Boolean): kotlin.Any declared in kotlin.jvm.internal' type=kotlin.Any origin=null
              tag: CONST Int type=kotlin.Int value=6
              owner: CONST String type=kotlin.String value="java/lang/invoke/LambdaMetafactory"
              name: CONST String type=kotlin.String value="metafactory"
              descriptor: CONST String type=kotlin.String value="(Ljava/lang/invoke/MethodHandles$Lookup;Ljava/lang/String;Ljava/lang/invoke/MethodType;Ljava/lang/invoke/MethodType;Ljava/lang/invoke/MethodHandle;Ljava/lang/invoke/MethodType;)Ljava/lang/invoke/CallSite;"
              isInterface: CONST Boolean type=kotlin.Boolean value=false
            bootstrapMethodArguments: VARARG type=kotlin.Array<kotlin.Any> varargElementType=kotlin.Any
              CALL 'public final fun <jvm-original-method-type> (method: kotlin.Any): kotlin.Any declared in kotlin.jvm.internal' type=kotlin.Any origin=null
                method: RAW_FUNCTION_REFERENCE 'public abstract fun invoke (): R of kotlin.Function0 [operator] declared in kotlin.Function0' type=kotlin.Any
              RAW_FUNCTION_REFERENCE 'private final fun UiBaseScaffold$lambda$3 ($snakeBarHostState: androidx.compose.material3.SnackbarHostState): kotlin.Unit? declared in com.edurda77.resources.uikit.UiBaseScaffoldKt' type=kotlin.Any
              CALL 'public final fun <jvm-original-method-type> (method: kotlin.Any): kotlin.Any declared in kotlin.jvm.internal' type=kotlin.Any origin=null
                method: RAW_FUNCTION_REFERENCE 'public abstract fun invoke (): kotlin.Unit? [fake_override,operator] declared in kotlin.jvm.internal.invokeDynamic.<fake>' type=kotlin.Any
        floatingActionButton: COMPOSITE type=@[Composable] kotlin.Function0<kotlin.Unit>? origin=DEFAULT_VALUE
          CONST Null type=@[Composable] kotlin.Function0<kotlin.Unit>? value=null
        floatingActionButtonPosition: COMPOSITE type=androidx.compose.material3.FabPosition origin=DEFAULT_VALUE
          CALL 'public final fun <unsafe-coerce> <T, R> (v: T of kotlin.jvm.internal.<unsafe-coerce>): R of kotlin.jvm.internal.<unsafe-coerce> declared in kotlin.jvm.internal' type=androidx.compose.material3.FabPosition origin=null
            <T>: kotlin.Int
            <R>: androidx.compose.material3.FabPosition
            v: CONST Int type=kotlin.Int value=0
        containerColor: GET_VAR 'val tmp1_containerColor: androidx.compose.ui.graphics.Color [val] declared in com.edurda77.resources.uikit.UiBaseScaffoldKt.UiBaseScaffold' type=androidx.compose.ui.graphics.Color origin=null
        contentColor: COMPOSITE type=androidx.compose.ui.graphics.Color origin=DEFAULT_VALUE
          CALL 'public final fun <unsafe-coerce> <T, R> (v: T of kotlin.jvm.internal.<unsafe-coerce>): R of kotlin.jvm.internal.<unsafe-coerce> declared in kotlin.jvm.internal' type=androidx.compose.ui.graphics.Color origin=null
            <T>: kotlin.Long
            <R>: androidx.compose.ui.graphics.Color
            v: CONST Long type=kotlin.Long value=0
        contentWindowInsets: COMPOSITE type=androidx.compose.foundation.layout.WindowInsets? origin=DEFAULT_VALUE
          CONST Null type=androidx.compose.foundation.layout.WindowInsets? value=null
        content: BLOCK type=kotlin.Function1<androidx.compose.foundation.layout.PaddingValues, kotlin.Unit> origin=LAMBDA
          COMPOSITE type=kotlin.Unit origin=null
          CALL 'public final fun <jvm-indy> <T> (dynamicCall: T of kotlin.jvm.internal.<jvm-indy>, bootstrapMethodHandle: kotlin.Any, vararg bootstrapMethodArguments: kotlin.Any): T of kotlin.jvm.internal.<jvm-indy> declared in kotlin.jvm.internal' type=kotlin.Function1<androidx.compose.foundation.layout.PaddingValues, kotlin.Unit> origin=null
            <T>: kotlin.Function1<androidx.compose.foundation.layout.PaddingValues, kotlin.Unit>
            dynamicCall: CALL 'public final fun invoke (p0: @[Composable] kotlin.Function1<androidx.compose.foundation.layout.PaddingValues, kotlin.Unit>): kotlin.Function1<androidx.compose.foundation.layout.PaddingValues, kotlin.Unit> declared in kotlin.jvm.internal.invokeDynamic' type=kotlin.Function1<androidx.compose.foundation.layout.PaddingValues, kotlin.Unit> origin=null
              p0: GET_VAR 'content: @[Composable] kotlin.Function1<androidx.compose.foundation.layout.PaddingValues, kotlin.Unit> declared in com.edurda77.resources.uikit.UiBaseScaffoldKt.UiBaseScaffold' type=@[Composable] kotlin.Function1<androidx.compose.foundation.layout.PaddingValues, kotlin.Unit> origin=null
            bootstrapMethodHandle: CALL 'public final fun <jvm-method-handle> (tag: kotlin.Int, owner: kotlin.String, name: kotlin.String, descriptor: kotlin.String, isInterface: kotlin.Boolean): kotlin.Any declared in kotlin.jvm.internal' type=kotlin.Any origin=null
              tag: CONST Int type=kotlin.Int value=6
              owner: CONST String type=kotlin.String value="java/lang/invoke/LambdaMetafactory"
              name: CONST String type=kotlin.String value="metafactory"
              descriptor: CONST String type=kotlin.String value="(Ljava/lang/invoke/MethodHandles$Lookup;Ljava/lang/String;Ljava/lang/invoke/MethodType;Ljava/lang/invoke/MethodType;Ljava/lang/invoke/MethodHandle;Ljava/lang/invoke/MethodType;)Ljava/lang/invoke/CallSite;"
              isInterface: CONST Boolean type=kotlin.Boolean value=false
            bootstrapMethodArguments: VARARG type=kotlin.Array<kotlin.Any> varargElementType=kotlin.Any
              CALL 'public final fun <jvm-original-method-type> (method: kotlin.Any): kotlin.Any declared in kotlin.jvm.internal' type=kotlin.Any origin=null
                method: RAW_FUNCTION_REFERENCE 'public abstract fun invoke (p1: P1 of kotlin.Function1): R of kotlin.Function1 [operator] declared in kotlin.Function1' type=kotlin.Any
              RAW_FUNCTION_REFERENCE 'private final fun UiBaseScaffold$lambda$4 ($content: @[Composable] kotlin.Function1<androidx.compose.foundation.layout.PaddingValues, kotlin.Unit>, paddings: androidx.compose.foundation.layout.PaddingValues): kotlin.Unit? declared in com.edurda77.resources.uikit.UiBaseScaffoldKt' type=kotlin.Any
              CALL 'public final fun <jvm-original-method-type> (method: kotlin.Any): kotlin.Any declared in kotlin.jvm.internal' type=kotlin.Any origin=null
                method: RAW_FUNCTION_REFERENCE 'public abstract fun invoke (p1: androidx.compose.foundation.layout.PaddingValues): kotlin.Unit? [fake_override,operator] declared in kotlin.jvm.internal.invokeDynamic.<fake>' type=kotlin.Any
        $mask0: CONST Int type=kotlin.Int value=432
        $handler: CONST Null type=kotlin.Any? value=null

	at org.jetbrains.kotlin.backend.jvm.codegen.FunctionCodegen.generate(FunctionCodegen.kt:47)
	at org.jetbrains.kotlin.backend.jvm.codegen.FunctionCodegen.generate$default(FunctionCodegen.kt:40)
	at org.jetbrains.kotlin.backend.jvm.codegen.ClassCodegen.generateMethodNode(ClassCodegen.kt:406)
	at org.jetbrains.kotlin.backend.jvm.codegen.ClassCodegen.generateMethod(ClassCodegen.kt:423)
	at org.jetbrains.kotlin.backend.jvm.codegen.ClassCodegen.generate(ClassCodegen.kt:168)
	at org.jetbrains.kotlin.backend.jvm.FileCodegen.lower(JvmPhases.kt:39)
	at org.jetbrains.kotlin.backend.common.phaser.PhaseFactoriesKt.createFilePhase$lambda$4(PhaseFactories.kt:71)
	at org.jetbrains.kotlin.backend.common.phaser.PhaseBuildersKt$createSimpleNamedCompilerPhase$1.phaseBody(PhaseBuilders.kt:69)
	at org.jetbrains.kotlin.backend.common.phaser.SimpleNamedCompilerPhase.phaseBody(CompilerPhase.kt:226)
	at org.jetbrains.kotlin.backend.common.phaser.AbstractNamedCompilerPhase.invoke(CompilerPhase.kt:113)
	at org.jetbrains.kotlin.backend.common.phaser.PerformByIrFilePhase.invokeSequential(performByIrFile.kt:62)
	... 43 more
Caused by: org.jetbrains.kotlin.codegen.CompilationException: Back-end (JVM) Internal error: Couldn't inline method call: CALL 'public final fun remember <T> (calculation: @[DisallowComposableCalls] kotlin.Function0<T of androidx.compose.runtime.ComposablesKt.remember>): T of androidx.compose.runtime.ComposablesKt.remember [inline] declared in androidx.compose.runtime.ComposablesKt' type=androidx.compose.material3.SnackbarHostState origin=null
Method: null
File is unknown
The root cause java.lang.IllegalStateException was thrown at: org.jetbrains.kotlin.codegen.inline.SourceCompilerForInlineKt.getMethodNode(SourceCompilerForInline.kt:118)
	at org.jetbrains.kotlin.codegen.inline.InlineCodegen.performInline(InlineCodegen.kt:65)
	at org.jetbrains.kotlin.backend.jvm.codegen.IrInlineCodegen.genInlineCall(IrInlineCodegen.kt:163)
	at org.jetbrains.kotlin.backend.jvm.codegen.IrInlineCallGenerator.genCall(IrInlineCallGenerator.kt:36)
	at org.jetbrains.kotlin.backend.jvm.codegen.ExpressionCodegen.visitCall(ExpressionCodegen.kt:653)
	at org.jetbrains.kotlin.backend.jvm.codegen.ExpressionCodegen.visitCall(ExpressionCodegen.kt:138)
	at org.jetbrains.kotlin.ir.expressions.IrCall.accept(IrCall.kt:24)
	at org.jetbrains.kotlin.backend.jvm.codegen.ExpressionCodegen.visitVariable(ExpressionCodegen.kt:790)
	at org.jetbrains.kotlin.backend.jvm.codegen.ExpressionCodegen.visitVariable(ExpressionCodegen.kt:138)
	at org.jetbrains.kotlin.ir.declarations.IrVariable.accept(IrVariable.kt:36)
	at org.jetbrains.kotlin.backend.jvm.codegen.ExpressionCodegen.visitStatementContainer(ExpressionCodegen.kt:579)
	at org.jetbrains.kotlin.backend.jvm.codegen.ExpressionCodegen.visitBlockBody(ExpressionCodegen.kt:584)
	at org.jetbrains.kotlin.backend.jvm.codegen.ExpressionCodegen.visitBlockBody(ExpressionCodegen.kt:138)
	at org.jetbrains.kotlin.ir.expressions.IrBlockBody.accept(IrBlockBody.kt:20)
	at org.jetbrains.kotlin.backend.jvm.codegen.ExpressionCodegen.generate(ExpressionCodegen.kt:240)
	at org.jetbrains.kotlin.backend.jvm.codegen.FunctionCodegen.doGenerate(FunctionCodegen.kt:123)
	at org.jetbrains.kotlin.backend.jvm.codegen.FunctionCodegen.generate(FunctionCodegen.kt:44)
	... 53 more
Caused by: java.lang.IllegalStateException: couldn't find inline method Landroidx/compose/runtime/ComposablesKt;.remember(Lkotlin/jvm/functions/Function0;)Ljava/lang/Object;
	at org.jetbrains.kotlin.codegen.inline.SourceCompilerForInlineKt.getMethodNode(SourceCompilerForInline.kt:118)
	at org.jetbrains.kotlin.codegen.inline.SourceCompilerForInlineKt.loadCompiledInlineFunction(SourceCompilerForInline.kt:96)
	at org.jetbrains.kotlin.backend.jvm.codegen.IrSourceCompilerForInline.compileInlineFunction(IrSourceCompilerForInline.kt:91)
	at org.jetbrains.kotlin.codegen.inline.InlineCodegen.compileInline(InlineCodegen.kt:43)
	at org.jetbrains.kotlin.codegen.inline.InlineCodegen.performInline(InlineCodegen.kt:51)
	... 68 more


